[2026-11-27 16:53:13.196] [ERROR] [Usuario: Maria C | Rol: asesor | ID: 69d66ee16628afe1254d5fca | IP: 127.0.0.1] [ACCION: GET_GRUPOS_ERROR] Error: certificate has expired | DETALLES: {} | STACK: MongoServerSelectionError: certificate has expired
    at Topology.selectServer (C:\Proyectos\pwa-hoja-control\servidor-pwa-control\node_modules\mongoose\node_modules\mongodb\lib\sdam\topology.js:346:38)
    at async tryOperation (C:\Proyectos\pwa-hoja-control\servidor-pwa-control\node_modules\mongoose\node_modules\mongodb\lib\operations\execute_operation.js:150:18)
    at async executeOperation (C:\Proyectos\pwa-hoja-control\servidor-pwa-control\node_modules\mongoose\node_modules\mongodb\lib\operations\execute_operation.js:80:16)
    at async FindCursor._initialize (C:\Proyectos\pwa-hoja-control\servidor-pwa-control\node_modules\mongoose\node_modules\mongodb\lib\cursor\find_cursor.js:62:26)
    at async FindCursor.cursorInit (C:\Proyectos\pwa-hoja-control\servidor-pwa-control\node_modules\mongoose\node_modules\mongodb\lib\cursor\abstract_cursor.js:620:27)
    at async FindCursor.fetchBatch (C:\Proyectos\pwa-hoja-control\servidor-pwa-control\node_modules\mongoose\node_modules\mongodb\lib\cursor\abstract_cursor.js:654:13)
    at async FindCursor.next (C:\Proyectos\pwa-hoja-control\servidor-pwa-control\node_modules\mongoose\node_modules\mongodb\lib\cursor\abstract_cursor.js:326:17)
    at async [Symbol.asyncIterator] (C:\Proyectos\pwa-hoja-control\servidor-pwa-control\node_modules\mongoose\node_modules\mongodb\lib\cursor\abstract_cursor.js:254:34)
    at async FindCursor.toArray (C:\Proyectos\pwa-hoja-control\servidor-pwa-control\node_modules\mongoose\node_modules\mongodb\lib\cursor\abstract_cursor.js:406:26)
    at async model.Query._find (C:\Proyectos\pwa-hoja-control\servidor-pwa-control\node_modules\mongoose\lib\query.js:2434:14)
[2026-11-27 16:53:13.222] [ERROR] [Usuario: Maria C | Rol: asesor | ID: 69d66ee16628afe1254d5fca | IP: 127.0.0.1] [ACCION: OBTENER_CREDITOS_ERROR] Error: certificate has expired | DETALLES: {} | STACK: MongoServerSelectionError: certificate has expired
    at Topology.selectServer (C:\Proyectos\pwa-hoja-control\servidor-pwa-control\node_modules\mongoose\node_modules\mongodb\lib\sdam\topology.js:346:38)
    at async tryOperation (C:\Proyectos\pwa-hoja-control\servidor-pwa-control\node_modules\mongoose\node_modules\mongodb\lib\operations\execute_operation.js:150:18)
    at async executeOperation (C:\Proyectos\pwa-hoja-control\servidor-pwa-control\node_modules\mongoose\node_modules\mongodb\lib\operations\execute_operation.js:80:16)
    at async FindCursor._initialize (C:\Proyectos\pwa-hoja-control\servidor-pwa-control\node_modules\mongoose\node_modules\mongodb\lib\cursor\find_cursor.js:62:26)
    at async FindCursor.cursorInit (C:\Proyectos\pwa-hoja-control\servidor-pwa-control\node_modules\mongoose\node_modules\mongodb\lib\cursor\abstract_cursor.js:620:27)
    at async FindCursor.fetchBatch (C:\Proyectos\pwa-hoja-control\servidor-pwa-control\node_modules\mongoose\node_modules\mongodb\lib\cursor\abstract_cursor.js:654:13)
    at async FindCursor.next (C:\Proyectos\pwa-hoja-control\servidor-pwa-control\node_modules\mongoose\node_modules\mongodb\lib\cursor\abstract_cursor.js:326:17)
    at async [Symbol.asyncIterator] (C:\Proyectos\pwa-hoja-control\servidor-pwa-control\node_modules\mongoose\node_modules\mongodb\lib\cursor\abstract_cursor.js:254:34)
    at async FindCursor.toArray (C:\Proyectos\pwa-hoja-control\servidor-pwa-control\node_modules\mongoose\node_modules\mongodb\lib\cursor\abstract_cursor.js:406:26)
    at async model.Query._find (C:\Proyectos\pwa-hoja-control\servidor-pwa-control\node_modules\mongoose\lib\query.js:2434:14)
[2026-11-27 16:53:13.206] [ERROR] [Usuario: Maria C | Rol: asesor | ID: 69d66ee16628afe1254d5fca | IP: 127.0.0.1] [ACCION: GET_CLIENTES_ERROR] Error: certificate has expired | DETALLES: {} | STACK: MongoServerSelectionError: certificate has expired
    at Topology.selectServer (C:\Proyectos\pwa-hoja-control\servidor-pwa-control\node_modules\mongoose\node_modules\mongodb\lib\sdam\topology.js:346:38)
    at async tryOperation (C:\Proyectos\pwa-hoja-control\servidor-pwa-control\node_modules\mongoose\node_modules\mongodb\lib\operations\execute_operation.js:150:18)
    at async executeOperation (C:\Proyectos\pwa-hoja-control\servidor-pwa-control\node_modules\mongoose\node_modules\mongodb\lib\operations\execute_operation.js:80:16)
    at async FindCursor._initialize (C:\Proyectos\pwa-hoja-control\servidor-pwa-control\node_modules\mongoose\node_modules\mongodb\lib\cursor\find_cursor.js:62:26)
    at async FindCursor.cursorInit (C:\Proyectos\pwa-hoja-control\servidor-pwa-control\node_modules\mongoose\node_modules\mongodb\lib\cursor\abstract_cursor.js:620:27)
    at async FindCursor.fetchBatch (C:\Proyectos\pwa-hoja-control\servidor-pwa-control\node_modules\mongoose\node_modules\mongodb\lib\cursor\abstract_cursor.js:654:13)
    at async FindCursor.next (C:\Proyectos\pwa-hoja-control\servidor-pwa-control\node_modules\mongoose\node_modules\mongodb\lib\cursor\abstract_cursor.js:326:17)
    at async [Symbol.asyncIterator] (C:\Proyectos\pwa-hoja-control\servidor-pwa-control\node_modules\mongoose\node_modules\mongodb\lib\cursor\abstract_cursor.js:254:34)
    at async FindCursor.toArray (C:\Proyectos\pwa-hoja-control\servidor-pwa-control\node_modules\mongoose\node_modules\mongodb\lib\cursor\abstract_cursor.js:406:26)
    at async model.Query._find (C:\Proyectos\pwa-hoja-control\servidor-pwa-control\node_modules\mongoose\lib\query.js:2434:14)
